#
# A fatal error has been detected by the Java Runtime Environment:
#
#  Internal Error (methodData.cpp:1156), pid=15908, tid=10820
#  Error: ShouldNotReachHere()
#
# JRE version: OpenJDK Runtime Environment Temurin-21.0.4+7 (21.0.4+7) (build 21.0.4+7-LTS)
# Java VM: OpenJDK 64-Bit Server VM Temurin-21.0.4+7 (21.0.4+7-LTS, mixed mode, tiered, compressed oops, compressed class ptrs, g1 gc, windows-amd64)
# No core dump will be written. Minidumps are not enabled by default on client versions of Windows
#
# If you would like to submit a bug report, please visit:
#   https://github.com/adoptium/adoptium-support/issues
#

---------------  S U M M A R Y ------------

Command Line: -Dfile.encoding=UTF-8 -Dstdout.encoding=UTF-8 -Dstderr.encoding=UTF-8 -XX:+ShowCodeDetailsInExceptionMessages com.project2025.Project2025Application

Host: AMD Ryzen 5 8645HS w/ Radeon 760M Graphics, 12 cores, 13G,  Windows 11 , 64 bit Build 26100 (10.0.26100.8875)
Time: Thu Aug  6 00:20:53 2026 Central Europe Daylight Time elapsed time: 4937.209016 seconds (0d 1h 22m 17s)

---------------  T H R E A D  ---------------

Current thread (0x000002b09f02c5a0):  WorkerThread "GC Thread#8"    [id=10820, stack(0x000000f6af400000,0x000000f6af500000) (1024K)]

Stack: [0x000000f6af400000,0x000000f6af500000]
Native frames: (J=compiled Java code, j=interpreted, Vv=VM code, C=native code)
V  [jvm.dll+0x6cbcf9]
V  [jvm.dll+0x8a5551]
V  [jvm.dll+0x8a7a7e]
V  [jvm.dll+0x8a8107]
V  [jvm.dll+0x27ec27]
V  [jvm.dll+0x27ec4c]
V  [jvm.dll+0x27eba0]
V  [jvm.dll+0x6825de]
V  [jvm.dll+0x6815f5]
V  [jvm.dll+0x3be52d]
V  [jvm.dll+0x6d8de2]
V  [jvm.dll+0x357ee2]
V  [jvm.dll+0x8d3417]
V  [jvm.dll+0x84f17b]
V  [jvm.dll+0x6ca3fd]
C  [ucrtbase.dll+0x2cd30]
C  [KERNEL32.DLL+0x2e957]
C  [ntdll.dll+0xaad6c]


---------------  P R O C E S S  ---------------

Threads class SMR info:
_java_thread_list=0x000002b0a0e2eef0, length=29, elements={
0x000002b0995715b0, 0x000002b0995bea60, 0x000002b09959b090, 0x000002b09959baf0,
0x000002b09959d0c0, 0x000002b09959e7c0, 0x000002b0995c1a50, 0x000002b0995c5070,
0x000002b09975bae0, 0x000002b099766f60, 0x000002b0a121d340, 0x000002b09f4f1c40,
0x000002b0a1e23ff0, 0x000002b0a3371010, 0x000002b0a2d09b90, 0x000002b0a00b6300,
0x000002b0a28f4610, 0x000002b0a28f3f80, 0x000002b0a28f1820, 0x000002b0a28f2bd0,
0x000002b0a28f2540, 0x000002b0a28f4ca0, 0x000002b0a28f38f0, 0x000002b0a28f3260,
0x000002b0a28f5330, 0x000002b0a28f1eb0, 0x000002b0a28f8e40, 0x000002b0a28f6d70,
0x000002b0a28f59c0
}

Java Threads: ( => current thread )
  0x000002b0995715b0 JavaThread "Reference Handler"          daemon [_thread_blocked, id=15232, stack(0x000000f6ae100000,0x000000f6ae200000) (1024K)]
  0x000002b0995bea60 JavaThread "Finalizer"                  daemon [_thread_blocked, id=24556, stack(0x000000f6ae200000,0x000000f6ae300000) (1024K)]
  0x000002b09959b090 JavaThread "Signal Dispatcher"          daemon [_thread_blocked, id=14524, stack(0x000000f6ae300000,0x000000f6ae400000) (1024K)]
  0x000002b09959baf0 JavaThread "Attach Listener"            daemon [_thread_blocked, id=21532, stack(0x000000f6ae400000,0x000000f6ae500000) (1024K)]
  0x000002b09959d0c0 JavaThread "Service Thread"             daemon [_thread_blocked, id=5824, stack(0x000000f6ae500000,0x000000f6ae600000) (1024K)]
  0x000002b09959e7c0 JavaThread "Monitor Deflation Thread"   daemon [_thread_blocked, id=19888, stack(0x000000f6ae600000,0x000000f6ae700000) (1024K)]
  0x000002b0995c1a50 JavaThread "C2 CompilerThread0"         daemon [_thread_blocked, id=11096, stack(0x000000f6ae700000,0x000000f6ae800000) (1024K)]
  0x000002b0995c5070 JavaThread "C1 CompilerThread0"         daemon [_thread_blocked, id=22148, stack(0x000000f6ae800000,0x000000f6ae900000) (1024K)]
  0x000002b09975bae0 JavaThread "Notification Thread"        daemon [_thread_blocked, id=20644, stack(0x000000f6ae900000,0x000000f6aea00000) (1024K)]
  0x000002b099766f60 JavaThread "Common-Cleaner"             daemon [_thread_blocked, id=8972, stack(0x000000f6aea00000,0x000000f6aeb00000) (1024K)]
  0x000002b0a121d340 JavaThread "Catalina-utility-1"                [_thread_blocked, id=10668, stack(0x000000f6af100000,0x000000f6af200000) (1024K)]
  0x000002b09f4f1c40 JavaThread "Catalina-utility-2"                [_thread_blocked, id=10652, stack(0x000000f6af900000,0x000000f6afa00000) (1024K)]
  0x000002b0a1e23ff0 JavaThread "container-0"                       [_thread_blocked, id=6464, stack(0x000000f6afa00000,0x000000f6afb00000) (1024K)]
  0x000002b0a3371010 JavaThread "Cleaner-0"                  daemon [_thread_blocked, id=6796, stack(0x000000f6afc00000,0x000000f6afd00000) (1024K)]
  0x000002b0a2d09b90 JavaThread "HikariPool-1:housekeeper"   daemon [_thread_blocked, id=19008, stack(0x000000f6afd00000,0x000000f6afe00000) (1024K)]
  0x000002b0a00b6300 JavaThread "http-nio-8080-exec-1"       daemon [_thread_blocked, id=14544, stack(0x000000f6af800000,0x000000f6af900000) (1024K)]
  0x000002b0a28f4610 JavaThread "http-nio-8080-exec-2"       daemon [_thread_blocked, id=9220, stack(0x000000f6aff00000,0x000000f6b0000000) (1024K)]
  0x000002b0a28f3f80 JavaThread "http-nio-8080-exec-3"       daemon [_thread_blocked, id=12032, stack(0x000000f6b0000000,0x000000f6b0100000) (1024K)]
  0x000002b0a28f1820 JavaThread "http-nio-8080-exec-4"       daemon [_thread_blocked, id=13880, stack(0x000000f6b0100000,0x000000f6b0200000) (1024K)]
  0x000002b0a28f2bd0 JavaThread "http-nio-8080-exec-5"       daemon [_thread_blocked, id=6680, stack(0x000000f6b0200000,0x000000f6b0300000) (1024K)]
  0x000002b0a28f2540 JavaThread "http-nio-8080-exec-6"       daemon [_thread_blocked, id=25300, stack(0x000000f6b0300000,0x000000f6b0400000) (1024K)]
  0x000002b0a28f4ca0 JavaThread "http-nio-8080-exec-7"       daemon [_thread_blocked, id=9196, stack(0x000000f6b0400000,0x000000f6b0500000) (1024K)]
  0x000002b0a28f38f0 JavaThread "http-nio-8080-exec-8"       daemon [_thread_blocked, id=18284, stack(0x000000f6b0500000,0x000000f6b0600000) (1024K)]
  0x000002b0a28f3260 JavaThread "http-nio-8080-exec-9"       daemon [_thread_blocked, id=25248, stack(0x000000f6b0600000,0x000000f6b0700000) (1024K)]
  0x000002b0a28f5330 JavaThread "http-nio-8080-exec-10"      daemon [_thread_blocked, id=10832, stack(0x000000f6b0700000,0x000000f6b0800000) (1024K)]
  0x000002b0a28f1eb0 JavaThread "http-nio-8080-Poller"       daemon [_thread_in_native, id=9604, stack(0x000000f6b0800000,0x000000f6b0900000) (1024K)]
  0x000002b0a28f8e40 JavaThread "http-nio-8080-Acceptor"     daemon [_thread_in_native, id=7140, stack(0x000000f6b0900000,0x000000f6b0a00000) (1024K)]
  0x000002b0a28f6d70 JavaThread "scheduling-1"                      [_thread_blocked, id=24640, stack(0x000000f6b0a00000,0x000000f6b0b00000) (1024K)]
  0x000002b0a28f59c0 JavaThread "DestroyJavaVM"                     [_thread_blocked, id=20204, stack(0x000000f6ad900000,0x000000f6ada00000) (1024K)]
Total: 29

Other Threads:
  0x000002b0994f1530 VMThread "VM Thread"                           [id=16344, stack(0x000000f6ae000000,0x000000f6ae100000) (1024K)]
  0x000002b09949b740 WatcherThread "VM Periodic Task Thread"        [id=3052, stack(0x000000f6adf00000,0x000000f6ae000000) (1024K)]
  0x000002b0ff2e7c50 WorkerThread "GC Thread#0"                     [id=12772, stack(0x000000f6ada00000,0x000000f6adb00000) (1024K)]
  0x000002b09e9fad30 WorkerThread "GC Thread#1"                     [id=8372, stack(0x000000f6aec00000,0x000000f6aed00000) (1024K)]
  0x000002b09e9fb0d0 WorkerThread "GC Thread#2"                     [id=19548, stack(0x000000f6aed00000,0x000000f6aee00000) (1024K)]
  0x000002b09e9fb470 WorkerThread "GC Thread#3"                     [id=13156, stack(0x000000f6aee00000,0x000000f6aef00000) (1024K)]
  0x000002b09e7e0990 WorkerThread "GC Thread#4"                     [id=24272, stack(0x000000f6aef00000,0x000000f6af000000) (1024K)]
  0x000002b09ece0850 WorkerThread "GC Thread#5"                     [id=20728, stack(0x000000f6af000000,0x000000f6af100000) (1024K)]
  0x000002b09f0b2e80 WorkerThread "GC Thread#6"                     [id=25472, stack(0x000000f6af200000,0x000000f6af300000) (1024K)]
  0x000002b09ed82dd0 WorkerThread "GC Thread#7"                     [id=21400, stack(0x000000f6af300000,0x000000f6af400000) (1024K)]
=>0x000002b09f02c5a0 WorkerThread "GC Thread#8"                     [id=10820, stack(0x000000f6af400000,0x000000f6af500000) (1024K)]
  0x000002b09f02c940 WorkerThread "GC Thread#9"                     [id=7732, stack(0x000000f6af500000,0x000000f6af600000) (1024K)]
  0x000002b0ff2f7140 ConcurrentGCThread "G1 Main Marker"            [id=540, stack(0x000000f6adb00000,0x000000f6adc00000) (1024K)]
  0x000002b0ff2fa110 WorkerThread "G1 Conc#0"                       [id=21940, stack(0x000000f6adc00000,0x000000f6add00000) (1024K)]
  0x000002b09ec3d960 WorkerThread "G1 Conc#1"                       [id=5680, stack(0x000000f6af600000,0x000000f6af700000) (1024K)]
  0x000002b09ec3e7e0 WorkerThread "G1 Conc#2"                       [id=8700, stack(0x000000f6af700000,0x000000f6af800000) (1024K)]
  0x000002b0993701d0 ConcurrentGCThread "G1 Refine#0"               [id=25236, stack(0x000000f6add00000,0x000000f6ade00000) (1024K)]
  0x000002b099370be0 ConcurrentGCThread "G1 Service"                [id=23884, stack(0x000000f6ade00000,0x000000f6adf00000) (1024K)]
Total: 18

Threads with active compile tasks:
Total: 0

VM state: at safepoint (normal execution)

VM Mutex/Monitor currently owned by a thread:  ([mutex/lock_event])
[0x00007ff923f87308] Threads_lock - owner thread: 0x000002b0994f1530
[0x00007ff923f87408] Heap_lock - owner thread: 0x000002b0ff2f7140

Heap address: 0x0000000723000000, size: 3536 MB, Compressed Oops mode: Zero based, Oop shift amount: 3

CDS archive(s) not mapped
Compressed class space mapped at: 0x0000000800000000-0x0000000840000000, reserved size: 1073741824
Narrow klass base: 0x0000000800000000, Narrow klass shift: 0, Narrow klass range: 0x40000000

GC Precious Log:
 CardTable entry size: 512
 Card Set container configuration: InlinePtr #cards 4 size 8 Array Of Cards #cards 16 size 48 Howl #buckets 8 coarsen threshold 3686 Howl Bitmap #cards 512 size 80 coarsen threshold 460 Card regions per heap region 1 cards per card region 4096
 CPUs: 12 total, 12 available
 Memory: 14140M
 Large Page Support: Disabled
 NUMA Support: Disabled
 Compressed Oops: Enabled (Zero based)
 Heap Region Size: 2M
 Heap Min Capacity: 8M
 Heap Initial Capacity: 222M
 Heap Max Capacity: 3536M
 Pre-touch: Disabled
 Parallel Workers: 10
 Concurrent Workers: 3
 Concurrent Refinement Workers: 10
 Periodic GC: Disabled

Heap:
 garbage-first heap   total 79872K, used 47552K [0x0000000723000000, 0x0000000800000000)
  region size 2048K, 3 young (6144K), 2 survivors (4096K)
 Metaspace       used 96822K, committed 97664K, reserved 1179648K
  class space    used 12832K, committed 13184K, reserved 1048576K

Heap Regions: E=young(eden), S=young(survivor), O=old, HS=humongous(starts), HC=humongous(continues), CS=collection set, F=free, TAMS=top-at-mark-start, PB=parsable bottom
|   0|0x0000000723000000, 0x0000000723200000, 0x0000000723200000|100%| O|  |TAMS 0x0000000723200000| PB 0x0000000723000000| Untracked 
|   1|0x0000000723200000, 0x0000000723400000, 0x0000000723400000|100%| O|  |TAMS 0x0000000723400000| PB 0x0000000723200000| Untracked 
|   2|0x0000000723400000, 0x0000000723600000, 0x0000000723600000|100%| O|  |TAMS 0x0000000723600000| PB 0x0000000723400000| Untracked 
|   3|0x0000000723600000, 0x0000000723800000, 0x0000000723800000|100%| O|  |TAMS 0x0000000723800000| PB 0x0000000723600000| Untracked 
|   4|0x0000000723800000, 0x0000000723a00000, 0x0000000723a00000|100%| O|  |TAMS 0x0000000723a00000| PB 0x0000000723800000| Untracked 
|   5|0x0000000723a00000, 0x0000000723c00000, 0x0000000723c00000|100%| O|  |TAMS 0x0000000723c00000| PB 0x0000000723a00000| Untracked 
|   6|0x0000000723c00000, 0x0000000723e00000, 0x0000000723e00000|100%| O|  |TAMS 0x0000000723e00000| PB 0x0000000723c00000| Untracked 
|   7|0x0000000723e00000, 0x0000000724000000, 0x0000000724000000|100%| O|  |TAMS 0x0000000724000000| PB 0x0000000723e00000| Untracked 
|   8|0x0000000724000000, 0x0000000724200000, 0x0000000724200000|100%| O|  |TAMS 0x0000000724200000| PB 0x0000000724000000| Untracked 
|   9|0x0000000724200000, 0x0000000724400000, 0x0000000724400000|100%| O|  |TAMS 0x0000000724400000| PB 0x0000000724200000| Untracked 
|  10|0x0000000724400000, 0x0000000724600000, 0x0000000724600000|100%| O|  |TAMS 0x0000000724600000| PB 0x0000000724400000| Untracked 
|  11|0x0000000724600000, 0x0000000724800000, 0x0000000724800000|100%| O|  |TAMS 0x0000000724800000| PB 0x0000000724600000| Untracked 
|  12|0x0000000724800000, 0x0000000724a00000, 0x0000000724a00000|100%| O|  |TAMS 0x0000000724a00000| PB 0x0000000724800000| Untracked 
|  13|0x0000000724a00000, 0x0000000724c00000, 0x0000000724c00000|100%| O|  |TAMS 0x0000000724c00000| PB 0x0000000724a00000| Untracked 
|  14|0x0000000724c00000, 0x0000000724e00000, 0x0000000724e00000|100%| O|  |TAMS 0x0000000724e00000| PB 0x0000000724c00000| Untracked 
|  15|0x0000000724e00000, 0x0000000725000000, 0x0000000725000000|100%| O|  |TAMS 0x0000000725000000| PB 0x0000000724e00000| Untracked 
|  16|0x0000000725000000, 0x0000000725200000, 0x0000000725200000|100%| O|  |TAMS 0x0000000725200000| PB 0x0000000725000000| Untracked 
|  17|0x0000000725200000, 0x0000000725400000, 0x0000000725400000|100%| O|  |TAMS 0x0000000725400000| PB 0x0000000725200000| Untracked 
|  18|0x0000000725400000, 0x000000072541a590, 0x0000000725600000|  5%| O|  |TAMS 0x0000000725400000| PB 0x0000000725400000| Untracked 
|  19|0x0000000725600000, 0x0000000725800000, 0x0000000725800000|100%| O|  |TAMS 0x0000000725800000| PB 0x0000000725600000| Untracked 
|  20|0x0000000725800000, 0x0000000725a00000, 0x0000000725a00000|100%| O|  |TAMS 0x0000000725a00000| PB 0x0000000725800000| Untracked 
|  21|0x0000000725a00000, 0x0000000725c00000, 0x0000000725c00000|100%| O|  |TAMS 0x0000000725c00000| PB 0x0000000725a00000| Untracked 
|  22|0x0000000725c00000, 0x0000000725e00000, 0x0000000725e00000|100%| O|  |TAMS 0x0000000725cbe950| PB 0x0000000725c00000| Untracked 
|  23|0x0000000725e00000, 0x0000000725e00000, 0x0000000726000000|  0%| F|  |TAMS 0x0000000725e00000| PB 0x0000000725e00000| Untracked 
|  24|0x0000000726000000, 0x0000000726000000, 0x0000000726200000|  0%| F|  |TAMS 0x0000000726000000| PB 0x0000000726000000| Untracked 
|  25|0x0000000726200000, 0x0000000726200000, 0x0000000726400000|  0%| F|  |TAMS 0x0000000726200000| PB 0x0000000726200000| Untracked 
|  26|0x0000000726400000, 0x0000000726400000, 0x0000000726600000|  0%| F|  |TAMS 0x0000000726400000| PB 0x0000000726400000| Untracked 
|  27|0x0000000726600000, 0x0000000726655a80, 0x0000000726800000| 16%| S|CS|TAMS 0x0000000726600000| PB 0x0000000726600000| Complete 
|  28|0x0000000726800000, 0x0000000726a00000, 0x0000000726a00000|100%| S|CS|TAMS 0x0000000726800000| PB 0x0000000726800000| Complete 
|  29|0x0000000726a00000, 0x0000000726a00000, 0x0000000726c00000|  0%| F|  |TAMS 0x0000000726a00000| PB 0x0000000726a00000| Untracked 
|  30|0x0000000726c00000, 0x0000000726c00000, 0x0000000726e00000|  0%| F|  |TAMS 0x0000000726c00000| PB 0x0000000726c00000| Untracked 
|  31|0x0000000726e00000, 0x0000000726e00000, 0x0000000727000000|  0%| F|  |TAMS 0x0000000726e00000| PB 0x0000000726e00000| Untracked 
|  32|0x0000000727000000, 0x0000000727000000, 0x0000000727200000|  0%| F|  |TAMS 0x0000000727000000| PB 0x0000000727000000| Untracked 
|  33|0x0000000727200000, 0x0000000727200000, 0x0000000727400000|  0%| F|  |TAMS 0x0000000727200000| PB 0x0000000727200000| Untracked 
|  34|0x0000000727400000, 0x0000000727400000, 0x0000000727600000|  0%| F|  |TAMS 0x0000000727400000| PB 0x0000000727400000| Untracked 
|  35|0x0000000727600000, 0x0000000727600000, 0x0000000727800000|  0%| F|  |TAMS 0x0000000727600000| PB 0x0000000727600000| Untracked 
|  36|0x0000000727800000, 0x0000000727800000, 0x0000000727a00000|  0%| F|  |TAMS 0x0000000727800000| PB 0x0000000727800000| Untracked 
|  37|0x0000000727a00000, 0x0000000727a00000, 0x0000000727c00000|  0%| F|  |TAMS 0x0000000727a00000| PB 0x0000000727a00000| Untracked 
| 110|0x0000000730c00000, 0x0000000730c06c18, 0x0000000730e00000|  1%| E|  |TAMS 0x0000000730c00000| PB 0x0000000730c00000| Complete 

Card table byte_map: [0x000002b092a40000,0x000002b093130000] _byte_map_base: 0x000002b08f128000

Marking Bits: (CMBitMap*) 0x000002b0ff2e8350
 Bits: [0x000002b093130000, 0x000002b096870000)

Polling page: 0x000002b0fd200000

Metaspace:

Usage:
  Non-class:     82.02 MB used.
      Class:     12.53 MB used.
       Both:     94.55 MB used.

Virtual space:
  Non-class space:      128.00 MB reserved,      82.50 MB ( 64%) committed,  2 nodes.
      Class space:        1.00 GB reserved,      12.88 MB (  1%) committed,  1 nodes.
             Both:        1.12 GB reserved,      95.38 MB (  8%) committed. 

Chunk freelists:
   Non-Class:  12.92 MB
       Class:  2.96 MB
        Both:  15.88 MB

MaxMetaspaceSize: unlimited
CompressedClassSpaceSize: 1.00 GB
Initial GC threshold: 21.00 MB
Current GC threshold: 144.69 MB
CDS: off
 - commit_granule_bytes: 65536.
 - commit_granule_words: 8192.
 - virtual_space_node_default_size: 8388608.
 - enlarge_chunks_in_place: 1.
 - use_allocation_guard: 0.


Internal statistics:

num_allocs_failed_limit: 9.
num_arena_births: 1250.
num_arena_deaths: 0.
num_vsnodes_births: 3.
num_vsnodes_deaths: 0.
num_space_committed: 1526.
num_space_uncommitted: 0.
num_chunks_returned_to_freelist: 9.
num_chunks_taken_from_freelist: 4533.
num_chunk_merges: 9.
num_chunk_splits: 3219.
num_chunks_enlarged: 2515.
num_inconsistent_stats: 0.

CodeHeap 'non-profiled nmethods': size=120000Kb used=6210Kb max_used=6210Kb free=113789Kb
 bounds [0x000002b08b510000, 0x000002b08bb30000, 0x000002b092a40000]
CodeHeap 'profiled nmethods': size=120000Kb used=18745Kb max_used=18745Kb free=101254Kb
 bounds [0x000002b083a40000, 0x000002b084c90000, 0x000002b08af70000]
CodeHeap 'non-nmethods': size=5760Kb used=1951Kb max_used=2001Kb free=3809Kb
 bounds [0x000002b08af70000, 0x000002b08b1e0000, 0x000002b08b510000]
 total_blobs=10758 nmethods=10008 adapters=653
 compilation: enabled
              stopped_count=0, restarted_count=0
 full_count=0

Compilation events (20 events):
Event: 4899.647 Thread 0x000002b0995c5070 11071       3       jakarta.servlet.http.HttpServletResponseWrapper::getStatus (10 bytes)
Event: 4899.648 Thread 0x000002b0995c5070 nmethod 11071 0x000002b084c87590 code [0x000002b084c87740, 0x000002b084c87a98]
Event: 4910.142 Thread 0x000002b0995c5070 11072       3       org.springframework.beans.factory.annotation.BeanFactoryAnnotationUtils::getQualifierValue (25 bytes)
Event: 4910.160 Thread 0x000002b0995c5070 nmethod 11072 0x000002b084c87b90 code [0x000002b084c87d60, 0x000002b084c880a0]
Event: 4910.160 Thread 0x000002b0995c5070 11073       3       org.springframework.transaction.interceptor.TransactionAspectSupport$1::<init> (16 bytes)
Event: 4910.161 Thread 0x000002b0995c5070 nmethod 11073 0x000002b084c88210 code [0x000002b084c883e0, 0x000002b084c888f8]
Event: 4910.162 Thread 0x000002b0995c5070 11074       3       org.springframework.transaction.interceptor.DelegatingTransactionAttribute::<init> (11 bytes)
Event: 4910.162 Thread 0x000002b0995c5070 nmethod 11074 0x000002b084c88a90 code [0x000002b084c88c60, 0x000002b084c89058]
Event: 4919.656 Thread 0x000002b0995c5070 11075       3       org.apache.catalina.webresources.AbstractResourceSet::checkPath (46 bytes)
Event: 4919.657 Thread 0x000002b0995c5070 nmethod 11075 0x000002b084c89210 code [0x000002b084c89460, 0x000002b084c89e90]
Event: 4919.658 Thread 0x000002b0995c5070 11076       3       org.springframework.util.StreamUtils$NonClosingOutputStream::write (11 bytes)
Event: 4919.658 Thread 0x000002b0995c5070 nmethod 11076 0x000002b084c8a210 code [0x000002b084c8a3c0, 0x000002b084c8a5a0]
Event: 4919.658 Thread 0x000002b0995c5070 11077   !   3       org.springframework.web.context.request.async.StandardServletAsyncWebRequest$LifecycleServletOutputStream::write (71 bytes)
Event: 4919.669 Thread 0x000002b0995c5070 nmethod 11077 0x000002b084c8a690 code [0x000002b084c8a9a0, 0x000002b084c8bb48]
Event: 4919.669 Thread 0x000002b0995c5070 11080   !   3       org.apache.tomcat.util.net.NioEndpoint$NioSocketWrapper::fillReadBuffer (221 bytes)
Event: 4919.670 Thread 0x000002b0995c5070 nmethod 11080 0x000002b084c8c210 code [0x000002b084c8c4c0, 0x000002b084c8d5e0]
Event: 4919.670 Thread 0x000002b0995c5070 11078       3       org.apache.catalina.connector.OutputBuffer::updateBytesWritten (39 bytes)
Event: 4919.671 Thread 0x000002b0995c5070 nmethod 11078 0x000002b084c8dc10 code [0x000002b084c8ddc0, 0x000002b084c8dfe8]
Event: 4919.671 Thread 0x000002b0995c5070 11079       3       java.nio.HeapByteBuffer::slice (49 bytes)
Event: 4919.671 Thread 0x000002b0995c5070 nmethod 11079 0x000002b084c8e110 code [0x000002b084c8e2c0, 0x000002b084c8e538]

GC Heap History (20 events):
Event: 5.503 GC heap before
{Heap before GC invocations=16 (full 0):
 garbage-first heap   total 61440K, used 51086K [0x0000000723000000, 0x0000000800000000)
  region size 2048K, 14 young (28672K), 2 survivors (4096K)
 Metaspace       used 75244K, committed 75968K, reserved 1179648K
  class space    used 9853K, committed 10176K, reserved 1048576K
}
Event: 5.506 GC heap after
{Heap after GC invocations=17 (full 0):
 garbage-first heap   total 61440K, used 28747K [0x0000000723000000, 0x0000000800000000)
  region size 2048K, 2 young (4096K), 2 survivors (4096K)
 Metaspace       used 75244K, committed 75968K, reserved 1179648K
  class space    used 9853K, committed 10176K, reserved 1048576K
}
Event: 5.855 GC heap before
{Heap before GC invocations=17 (full 0):
 garbage-first heap   total 61440K, used 49227K [0x0000000723000000, 0x0000000800000000)
  region size 2048K, 13 young (26624K), 2 survivors (4096K)
 Metaspace       used 80457K, committed 81152K, reserved 1179648K
  class space    used 10663K, committed 10944K, reserved 1048576K
}
Event: 5.857 GC heap after
{Heap after GC invocations=18 (full 0):
 garbage-first heap   total 61440K, used 31368K [0x0000000723000000, 0x0000000800000000)
  region size 2048K, 2 young (4096K), 2 survivors (4096K)
 Metaspace       used 80457K, committed 81152K, reserved 1179648K
  class space    used 10663K, committed 10944K, reserved 1048576K
}
Event: 6.018 GC heap before
{Heap before GC invocations=19 (full 0):
 garbage-first heap   total 61440K, used 47752K [0x0000000723000000, 0x0000000800000000)
  region size 2048K, 11 young (22528K), 2 survivors (4096K)
 Metaspace       used 80972K, committed 81728K, reserved 1179648K
  class space    used 10774K, committed 11136K, reserved 1048576K
}
Event: 6.021 GC heap after
{Heap after GC invocations=20 (full 0):
 garbage-first heap   total 61440K, used 32338K [0x0000000723000000, 0x0000000800000000)
  region size 2048K, 2 young (4096K), 2 survivors (4096K)
 Metaspace       used 80972K, committed 81728K, reserved 1179648K
  class space    used 10774K, committed 11136K, reserved 1048576K
}
Event: 6.285 GC heap before
{Heap before GC invocations=20 (full 0):
 garbage-first heap   total 61440K, used 48722K [0x0000000723000000, 0x0000000800000000)
  region size 2048K, 11 young (22528K), 2 survivors (4096K)
 Metaspace       used 84736K, committed 85504K, reserved 1179648K
  class space    used 11476K, committed 11840K, reserved 1048576K
}
Event: 6.289 GC heap after
{Heap after GC invocations=21 (full 0):
 garbage-first heap   total 73728K, used 33074K [0x0000000723000000, 0x0000000800000000)
  region size 2048K, 2 young (4096K), 2 survivors (4096K)
 Metaspace       used 84736K, committed 85504K, reserved 1179648K
  class space    used 11476K, committed 11840K, reserved 1048576K
}
Event: 6.493 GC heap before
{Heap before GC invocations=21 (full 0):
 garbage-first heap   total 73728K, used 61746K [0x0000000723000000, 0x0000000800000000)
  region size 2048K, 16 young (32768K), 2 survivors (4096K)
 Metaspace       used 85546K, committed 86272K, reserved 1179648K
  class space    used 11548K, committed 11904K, reserved 1048576K
}
Event: 6.497 GC heap after
{Heap after GC invocations=22 (full 0):
 garbage-first heap   total 73728K, used 37762K [0x0000000723000000, 0x0000000800000000)
  region size 2048K, 2 young (4096K), 2 survivors (4096K)
 Metaspace       used 85546K, committed 86272K, reserved 1179648K
  class space    used 11548K, committed 11904K, reserved 1048576K
}
Event: 6.556 GC heap before
{Heap before GC invocations=22 (full 0):
 garbage-first heap   total 73728K, used 62338K [0x0000000723000000, 0x0000000800000000)
  region size 2048K, 14 young (28672K), 2 survivors (4096K)
 Metaspace       used 85566K, committed 86336K, reserved 1179648K
  class space    used 11548K, committed 11904K, reserved 1048576K
}
Event: 6.559 GC heap after
{Heap after GC invocations=23 (full 0):
 garbage-first heap   total 73728K, used 42231K [0x0000000723000000, 0x0000000800000000)
  region size 2048K, 2 young (4096K), 2 survivors (4096K)
 Metaspace       used 85566K, committed 86336K, reserved 1179648K
  class space    used 11548K, committed 11904K, reserved 1048576K
}
Event: 6.881 GC heap before
{Heap before GC invocations=23 (full 0):
 garbage-first heap   total 73728K, used 62711K [0x0000000723000000, 0x0000000800000000)
  region size 2048K, 12 young (24576K), 2 survivors (4096K)
 Metaspace       used 87942K, committed 88704K, reserved 1179648K
  class space    used 11868K, committed 12224K, reserved 1048576K
}
Event: 6.884 GC heap after
{Heap after GC invocations=24 (full 0):
 garbage-first heap   total 73728K, used 44602K [0x0000000723000000, 0x0000000800000000)
  region size 2048K, 2 young (4096K), 2 survivors (4096K)
 Metaspace       used 87942K, committed 88704K, reserved 1179648K
  class space    used 11868K, committed 12224K, reserved 1048576K
}
Event: 11.868 GC heap before
{Heap before GC invocations=25 (full 0):
 garbage-first heap   total 79872K, used 58938K [0x0000000723000000, 0x0000000800000000)
  region size 2048K, 10 young (20480K), 2 survivors (4096K)
 Metaspace       used 91246K, committed 92032K, reserved 1179648K
  class space    used 12329K, committed 12672K, reserved 1048576K
}
Event: 11.871 GC heap after
{Heap after GC invocations=26 (full 0):
 garbage-first heap   total 79872K, used 45648K [0x0000000723000000, 0x0000000800000000)
  region size 2048K, 2 young (4096K), 2 survivors (4096K)
 Metaspace       used 91246K, committed 92032K, reserved 1179648K
  class space    used 12329K, committed 12672K, reserved 1048576K
}
Event: 1584.050 GC heap before
{Heap before GC invocations=26 (full 0):
 garbage-first heap   total 79872K, used 68176K [0x0000000723000000, 0x0000000800000000)
  region size 2048K, 13 young (26624K), 2 survivors (4096K)
 Metaspace       used 95970K, committed 96768K, reserved 1179648K
  class space    used 12829K, committed 13184K, reserved 1048576K
}
Event: 1584.074 GC heap after
{Heap after GC invocations=27 (full 0):
 garbage-first heap   total 79872K, used 46707K [0x0000000723000000, 0x0000000800000000)
  region size 2048K, 2 young (4096K), 2 survivors (4096K)
 Metaspace       used 95970K, committed 96768K, reserved 1179648K
  class space    used 12829K, committed 13184K, reserved 1048576K
}
Event: 4936.964 GC heap before
{Heap before GC invocations=27 (full 0):
 garbage-first heap   total 79872K, used 67187K [0x0000000723000000, 0x0000000800000000)
  region size 2048K, 12 young (24576K), 2 survivors (4096K)
 Metaspace       used 96822K, committed 97664K, reserved 1179648K
  class space    used 12832K, committed 13184K, reserved 1048576K
}
Event: 4937.007 GC heap after
{Heap after GC invocations=28 (full 0):
 garbage-first heap   total 79872K, used 47552K [0x0000000723000000, 0x0000000800000000)
  region size 2048K, 2 young (4096K), 2 survivors (4096K)
 Metaspace       used 96822K, committed 97664K, reserved 1179648K
  class space    used 12832K, committed 13184K, reserved 1048576K
}

Dll operation events (10 events):
Event: 0.007 Loaded shared library C:\Users\Leon\Desktop\eclipse\plugins\org.eclipse.justj.openjdk.hotspot.jre.full.win32.x86_64_21.0.4.v20240802-1551\jre\bin\java.dll
Event: 0.011 Loaded shared library C:\Users\Leon\Desktop\eclipse\plugins\org.eclipse.justj.openjdk.hotspot.jre.full.win32.x86_64_21.0.4.v20240802-1551\jre\bin\zip.dll
Event: 0.128 Loaded shared library C:\Users\Leon\Desktop\eclipse\plugins\org.eclipse.justj.openjdk.hotspot.jre.full.win32.x86_64_21.0.4.v20240802-1551\jre\bin\net.dll
Event: 0.131 Loaded shared library C:\Users\Leon\Desktop\eclipse\plugins\org.eclipse.justj.openjdk.hotspot.jre.full.win32.x86_64_21.0.4.v20240802-1551\jre\bin\nio.dll
Event: 0.137 Loaded shared library C:\Users\Leon\Desktop\eclipse\plugins\org.eclipse.justj.openjdk.hotspot.jre.full.win32.x86_64_21.0.4.v20240802-1551\jre\bin\zip.dll
Event: 0.222 Loaded shared library C:\Users\Leon\Desktop\eclipse\plugins\org.eclipse.justj.openjdk.hotspot.jre.full.win32.x86_64_21.0.4.v20240802-1551\jre\bin\jimage.dll
Event: 1.185 Loaded shared library C:\Users\Leon\Desktop\eclipse\plugins\org.eclipse.justj.openjdk.hotspot.jre.full.win32.x86_64_21.0.4.v20240802-1551\jre\bin\sunmscapi.dll
Event: 2.792 Loaded shared library C:\Users\Leon\Desktop\eclipse\plugins\org.eclipse.justj.openjdk.hotspot.jre.full.win32.x86_64_21.0.4.v20240802-1551\jre\bin\management.dll
Event: 2.795 Loaded shared library C:\Users\Leon\Desktop\eclipse\plugins\org.eclipse.justj.openjdk.hotspot.jre.full.win32.x86_64_21.0.4.v20240802-1551\jre\bin\management_ext.dll
Event: 3.816 Loaded shared library C:\Users\Leon\Desktop\eclipse\plugins\org.eclipse.justj.openjdk.hotspot.jre.full.win32.x86_64_21.0.4.v20240802-1551\jre\bin\extnet.dll

Deoptimization events (20 events):
Event: 3769.412 Thread 0x000002b0a28f6d70 Uncommon trap: trap_request=0xffffffd6 fr.pc=0x000002b08baef034 relative=0x0000000000001314
Event: 3769.412 Thread 0x000002b0a28f6d70 Uncommon trap: reason=array_check action=maybe_recompile pc=0x000002b08baef034 method=java.util.concurrent.ScheduledThreadPoolExecutor$DelayedWorkQueue.offer(Ljava/lang/Runnable;)Z @ 65 c2
Event: 3769.412 Thread 0x000002b0a28f6d70 DEOPT PACKING pc=0x000002b08baef034 sp=0x000000f6b0aff0c0
Event: 3769.412 Thread 0x000002b0a28f6d70 DEOPT UNPACKING pc=0x000002b08afc7da2 sp=0x000000f6b0afefb0 mode 2
Event: 3772.920 Thread 0x000002b09f4f1c40 Uncommon trap: trap_request=0xffffffd6 fr.pc=0x000002b08baf5d48 relative=0x0000000000000628
Event: 3772.920 Thread 0x000002b09f4f1c40 Uncommon trap: reason=array_check action=maybe_recompile pc=0x000002b08baf5d48 method=java.util.concurrent.ScheduledThreadPoolExecutor$DelayedWorkQueue.siftDown(ILjava/util/concurrent/RunnableScheduledFuture;)V @ 112 c2
Event: 3772.920 Thread 0x000002b09f4f1c40 DEOPT PACKING pc=0x000002b08baf5d48 sp=0x000000f6af9feff0
Event: 3772.920 Thread 0x000002b09f4f1c40 DEOPT UNPACKING pc=0x000002b08afc7da2 sp=0x000000f6af9fef20 mode 2
Event: 3773.042 Thread 0x000002b0a121d340 Uncommon trap: trap_request=0xffffffd6 fr.pc=0x000002b08baf5d48 relative=0x0000000000000628
Event: 3773.042 Thread 0x000002b0a121d340 Uncommon trap: reason=array_check action=maybe_recompile pc=0x000002b08baf5d48 method=java.util.concurrent.ScheduledThreadPoolExecutor$DelayedWorkQueue.siftDown(ILjava/util/concurrent/RunnableScheduledFuture;)V @ 112 c2
Event: 3773.042 Thread 0x000002b0a121d340 DEOPT PACKING pc=0x000002b08baf5d48 sp=0x000000f6af1fec00
Event: 3773.042 Thread 0x000002b0a121d340 DEOPT UNPACKING pc=0x000002b08afc7da2 sp=0x000000f6af1feb30 mode 2
Event: 3789.428 Thread 0x000002b0a28f6d70 Uncommon trap: trap_request=0xffffffd6 fr.pc=0x000002b08baef034 relative=0x0000000000001314
Event: 3789.428 Thread 0x000002b0a28f6d70 Uncommon trap: reason=array_check action=maybe_recompile pc=0x000002b08baef034 method=java.util.concurrent.ScheduledThreadPoolExecutor$DelayedWorkQueue.offer(Ljava/lang/Runnable;)Z @ 65 c2
Event: 3789.428 Thread 0x000002b0a28f6d70 DEOPT PACKING pc=0x000002b08baef034 sp=0x000000f6b0aff110
Event: 3789.428 Thread 0x000002b0a28f6d70 DEOPT UNPACKING pc=0x000002b08afc7da2 sp=0x000000f6b0aff000 mode 2
Event: 3809.434 Thread 0x000002b0a28f6d70 Uncommon trap: trap_request=0xffffffd6 fr.pc=0x000002b08baef034 relative=0x0000000000001314
Event: 3809.434 Thread 0x000002b0a28f6d70 Uncommon trap: reason=array_check action=maybe_recompile pc=0x000002b08baef034 method=java.util.concurrent.ScheduledThreadPoolExecutor$DelayedWorkQueue.offer(Ljava/lang/Runnable;)Z @ 65 c2
Event: 3809.434 Thread 0x000002b0a28f6d70 DEOPT PACKING pc=0x000002b08baef034 sp=0x000000f6b0aff110
Event: 3809.434 Thread 0x000002b0a28f6d70 DEOPT UNPACKING pc=0x000002b08afc7da2 sp=0x000000f6b0aff000 mode 2

Classes loaded (20 events):
Event: 12.129 Loading class sun/nio/cs/Surrogate$Parser
Event: 12.129 Loading class sun/nio/cs/Surrogate$Parser done
Event: 12.129 Loading class sun/nio/cs/Surrogate
Event: 12.129 Loading class sun/nio/cs/Surrogate done
Event: 12.129 Loading class java/nio/StringCharBuffer
Event: 12.129 Loading class java/nio/StringCharBuffer done
Event: 12.194 Loading class jdk/internal/math/FDBigInteger
Event: 12.195 Loading class jdk/internal/math/FDBigInteger done
Event: 12.198 Loading class java/util/function/LongSupplier
Event: 12.199 Loading class java/util/function/LongSupplier done
Event: 12.241 Loading class java/util/stream/DoubleStream
Event: 12.242 Loading class java/util/stream/DoubleStream done
Event: 12.242 Loading class java/util/stream/LongStream
Event: 12.242 Loading class java/util/stream/LongStream done
Event: 12.249 Loading class org/w3c/dom/Node
Event: 12.249 Loading class org/w3c/dom/Node done
Event: 12.249 Loading class org/w3c/dom/Document
Event: 12.250 Loading class org/w3c/dom/Document done
Event: 12.374 Loading class jdk/internal/math/FloatToDecimal
Event: 12.374 Loading class jdk/internal/math/FloatToDecimal done

Classes unloaded (20 events):
Event: 4937.124 Thread 0x000002b0994f1530 Unloading class 0x00000008001a8800 'java/lang/invoke/LambdaForm$MH+0x00000008001a8800'
Event: 4937.124 Thread 0x000002b0994f1530 Unloading class 0x00000008001a8000 'java/lang/invoke/LambdaForm$MH+0x00000008001a8000'
Event: 4937.124 Thread 0x000002b0994f1530 Unloading class 0x00000008001a1c00 'java/lang/invoke/LambdaForm$MH+0x00000008001a1c00'
Event: 4937.124 Thread 0x000002b0994f1530 Unloading class 0x00000008001a1800 'java/lang/invoke/LambdaForm$MH+0x00000008001a1800'
Event: 4937.124 Thread 0x000002b0994f1530 Unloading class 0x000000080018c000 'java/lang/invoke/LambdaForm$DMH+0x000000080018c000'
Event: 4937.124 Thread 0x000002b0994f1530 Unloading class 0x0000000800124800 'java/lang/invoke/LambdaForm$MH+0x0000000800124800'
Event: 4937.125 Thread 0x000002b0994f1530 Unloading class 0x00000008000a7000 'java/lang/invoke/LambdaForm$MH+0x00000008000a7000'
Event: 4937.125 Thread 0x000002b0994f1530 Unloading class 0x00000008000a6800 'java/lang/invoke/LambdaForm$MH+0x00000008000a6800'
Event: 4937.125 Thread 0x000002b0994f1530 Unloading class 0x00000008000a6000 'java/lang/invoke/LambdaForm$MH+0x00000008000a6000'
Event: 4937.125 Thread 0x000002b0994f1530 Unloading class 0x00000008000a5c00 'java/lang/invoke/LambdaForm$MH+0x00000008000a5c00'
Event: 4937.125 Thread 0x000002b0994f1530 Unloading class 0x00000008000a4c00 'java/lang/invoke/LambdaForm$MH+0x00000008000a4c00'
Event: 4937.125 Thread 0x000002b0994f1530 Unloading class 0x00000008000a4000 'java/lang/invoke/LambdaForm$MH+0x00000008000a4000'
Event: 4937.125 Thread 0x000002b0994f1530 Unloading class 0x00000008000a3c00 'java/lang/invoke/LambdaForm$MH+0x00000008000a3c00'
Event: 4937.125 Thread 0x000002b0994f1530 Unloading class 0x00000008000a3400 'java/lang/invoke/LambdaForm$MH+0x00000008000a3400'
Event: 4937.125 Thread 0x000002b0994f1530 Unloading class 0x00000008000a3000 'java/lang/invoke/LambdaForm$MH+0x00000008000a3000'
Event: 4937.125 Thread 0x000002b0994f1530 Unloading class 0x00000008000a2c00 'java/lang/invoke/LambdaForm$MH+0x00000008000a2c00'
Event: 4937.125 Thread 0x000002b0994f1530 Unloading class 0x00000008000a2000 'java/lang/invoke/LambdaForm$MH+0x00000008000a2000'
Event: 4937.125 Thread 0x000002b0994f1530 Unloading class 0x00000008000a1000 'java/lang/invoke/LambdaForm$MH+0x00000008000a1000'
Event: 4937.125 Thread 0x000002b0994f1530 Unloading class 0x00000008000a0400 'java/lang/invoke/LambdaForm$MH+0x00000008000a0400'
Event: 4937.125 Thread 0x000002b0994f1530 Unloading class 0x0000000800090c00 'java/lang/invoke/LambdaForm$MH+0x0000000800090c00'

Classes redefined (0 events):
No events

Internal exceptions (20 events):
Event: 7.122 Thread 0x000002b0a28f6d70 Exception <a 'java/lang/NoSuchMethodError'{0x00000007270f6178}: 'void java.lang.invoke.DirectMethodHandle$Holder.invokeStatic(java.lang.Object, java.lang.Object, int, int, java.lang.Object)'> (0x00000007270f6178) 
thrown [s\src\hotspot\share\interpreter\linkResolver.cpp, line 773]
Event: 7.125 Thread 0x000002b0a28f6d70 Exception <a 'java/lang/NoSuchMethodError'{0x0000000727122f48}: 'void java.lang.invoke.DirectMethodHandle$Holder.invokeSpecialIFC(java.lang.Object, java.lang.Object, int, java.lang.Object, java.lang.Object, java.lang.Object, java.lang.Object)'> (0x0000000727122f48) 
thrown [s\src\hotspot\share\interpreter\linkResolver.cpp, line 773]
Event: 11.836 Thread 0x000002b0a28f8e40 Exception <a 'java/lang/NoSuchMethodError'{0x00000007274eed28}: 'java.lang.Object java.lang.invoke.DirectMethodHandle$Holder.invokeStatic(java.lang.Object, java.lang.Object, java.lang.Object, int, int)'> (0x00000007274eed28) 
thrown [s\src\hotspot\share\interpreter\linkResolver.cpp, line 773]
Event: 11.836 Thread 0x000002b0a28f8e40 Exception <a 'java/lang/NoSuchMethodError'{0x00000007274f2028}: 'java.lang.Object java.lang.invoke.DirectMethodHandle$Holder.invokeStaticInit(java.lang.Object, java.lang.Object, java.lang.Object, int, int)'> (0x00000007274f2028) 
thrown [s\src\hotspot\share\interpreter\linkResolver.cpp, line 773]
Event: 11.874 Thread 0x000002b0a28f4610 Exception <a 'java/lang/NoSuchMethodError'{0x0000000730c41f18}: 'java.lang.Object java.lang.invoke.DirectMethodHandle$Holder.invokeSpecial(java.lang.Object, java.lang.Object, java.lang.Object, java.lang.Object, java.lang.Object, long)'> (0x0000000730c41f18) 
thrown [s\src\hotspot\share\interpreter\linkResolver.cpp, line 773]
Event: 11.874 Thread 0x000002b0a28f4610 Exception <a 'java/lang/NoSuchMethodError'{0x0000000730c45690}: 'java.lang.Object java.lang.invoke.Invokers$Holder.linkToTargetMethod(java.lang.Object, java.lang.Object, java.lang.Object, long, java.lang.Object)'> (0x0000000730c45690) 
thrown [s\src\hotspot\share\interpreter\linkResolver.cpp, line 773]
Event: 11.950 Thread 0x000002b0a00b6300 Exception <a 'java/lang/NoSuchMethodError'{0x0000000727a01f40}: 'java.lang.Object java.lang.invoke.DirectMethodHandle$Holder.invokeStatic(java.lang.Object, int, int)'> (0x0000000727a01f40) 
thrown [s\src\hotspot\share\interpreter\linkResolver.cpp, line 773]
Event: 12.025 Thread 0x000002b0a28f4610 Exception <a 'java/lang/NoSuchMethodError'{0x0000000727816f40}: 'java.lang.Object java.lang.invoke.DelegatingMethodHandle$Holder.reinvoke_L(java.lang.Object, java.lang.Object, java.lang.Object, java.lang.Object, java.lang.Object, java.lang.Object, int, int, int)'> (0x0000000727816f40) 
thrown [s\src\hotspot\share\interpreter\linkResolver.cpp, line 773]
Event: 12.030 Thread 0x000002b0a28f4610 Exception <a 'java/lang/IncompatibleClassChangeError'{0x0000000727851ef0}: Found class java.lang.Object, but interface was expected> (0x0000000727851ef0) 
thrown [s\src\hotspot\share\interpreter\linkResolver.cpp, line 840]
Event: 12.034 Thread 0x000002b0a28f4610 Exception <a 'java/lang/NoSuchMethodError'{0x000000072785ebc8}: 'java.lang.Object java.lang.invoke.DirectMethodHandle$Holder.invokeVirtual(java.lang.Object, java.lang.Object, java.lang.Object, java.lang.Object, java.lang.Object, java.lang.Object, int, java.lang.Object)'> (0x000000072785ebc8) 
thrown [s\src\hotspot\share\interpreter\linkResolver.cpp, line 773]
Event: 12.035 Thread 0x000002b0a28f4610 Exception <a 'java/lang/NoSuchMethodError'{0x0000000727866ab0}: 'java.lang.Object java.lang.invoke.DelegatingMethodHandle$Holder.reinvoke_L(java.lang.Object, java.lang.Object, java.lang.Object, java.lang.Object, java.lang.Object, java.lang.Object, int, java.lang.Object)'> (0x0000000727866ab0) 
thrown [s\src\hotspot\share\interpreter\linkResolver.cpp, line 773]
Event: 12.040 Thread 0x000002b0a28f4610 Exception <a 'java/lang/NoSuchMethodError'{0x00000007278adf98}: 'java.lang.Object java.lang.invoke.DirectMethodHandle$Holder.newInvokeSpecial(java.lang.Object, java.lang.Object, java.lang.Object, java.lang.Object, java.lang.Object, int)'> (0x00000007278adf98) 
thrown [s\src\hotspot\share\interpreter\linkResolver.cpp, line 773]
Event: 12.041 Thread 0x000002b0a28f4610 Exception <a 'java/lang/NoSuchMethodError'{0x00000007278cb520}: 'java.lang.Object java.lang.invoke.Invokers$Holder.linkToTargetMethod(java.lang.Object, java.lang.Object, java.lang.Object, java.lang.Object, int, java.lang.Object)'> (0x00000007278cb520) 
thrown [s\src\hotspot\share\interpreter\linkResolver.cpp, line 773]
Event: 12.135 Thread 0x000002b0a28f4610 Exception <a 'java/lang/IncompatibleClassChangeError'{0x00000007277ba6c0}: Found class java.lang.Object, but interface was expected> (0x00000007277ba6c0) 
thrown [s\src\hotspot\share\interpreter\linkResolver.cpp, line 840]
Event: 12.357 Thread 0x000002b0a28f4610 Exception <a 'java/lang/IncompatibleClassChangeError'{0x00000007273a3100}: Found class java.lang.Object, but interface was expected> (0x00000007273a3100) 
thrown [s\src\hotspot\share\interpreter\linkResolver.cpp, line 840]
Event: 12.377 Thread 0x000002b0a28f4610 Exception <a 'java/lang/IncompatibleClassChangeError'{0x00000007273e75f0}: Found class java.lang.Object, but interface was expected> (0x00000007273e75f0) 
thrown [s\src\hotspot\share\interpreter\linkResolver.cpp, line 840]
Event: 12.377 Thread 0x000002b0a28f4610 Exception <a 'java/lang/IncompatibleClassChangeError'{0x00000007273e9800}: Found class java.lang.Object, but interface was expected> (0x00000007273e9800) 
thrown [s\src\hotspot\share\interpreter\linkResolver.cpp, line 840]
Event: 12.380 Thread 0x000002b0a28f4610 Exception <a 'java/lang/NoSuchMethodError'{0x00000007273f47a0}: 'long java.lang.invoke.DelegatingMethodHandle$Holder.reinvoke_L(java.lang.Object, java.lang.Object)'> (0x00000007273f47a0) 
thrown [s\src\hotspot\share\interpreter\linkResolver.cpp, line 773]
Event: 12.381 Thread 0x000002b0a28f4610 Exception <a 'java/lang/IncompatibleClassChangeError'{0x00000007273fede0}: Found class java.lang.Object, but interface was expected> (0x00000007273fede0) 
thrown [s\src\hotspot\share\interpreter\linkResolver.cpp, line 840]
Event: 12.383 Thread 0x000002b0a28f4610 Exception <a 'java/lang/IncompatibleClassChangeError'{0x0000000727013ca8}: Found class java.lang.Object, but interface was expected> (0x0000000727013ca8) 
thrown [s\src\hotspot\share\interpreter\linkResolver.cpp, line 840]

ZGC Phase Switch (0 events):
No events

VM Operations (20 events):
Event: 4679.669 Executing VM operation: Cleanup done
Event: 4680.678 Executing VM operation: Cleanup
Event: 4680.678 Executing VM operation: Cleanup done
Event: 4699.845 Executing VM operation: Cleanup
Event: 4699.845 Executing VM operation: Cleanup done
Event: 4757.401 Executing VM operation: Cleanup
Event: 4757.401 Executing VM operation: Cleanup done
Event: 4850.255 Executing VM operation: Cleanup
Event: 4850.255 Executing VM operation: Cleanup done
Event: 4854.294 Executing VM operation: Cleanup
Event: 4854.294 Executing VM operation: Cleanup done
Event: 4860.347 Executing VM operation: Cleanup
Event: 4860.347 Executing VM operation: Cleanup done
Event: 4870.441 Executing VM operation: Cleanup
Event: 4870.441 Executing VM operation: Cleanup done
Event: 4899.697 Executing VM operation: Cleanup
Event: 4899.697 Executing VM operation: Cleanup done
Event: 4936.955 Executing VM operation: G1CollectForAllocation (G1 Evacuation Pause)
Event: 4937.007 Executing VM operation: G1CollectForAllocation (G1 Evacuation Pause) done
Event: 4937.088 Executing VM operation: G1PauseRemark

Memory protections (0 events):
No events

Nmethod flushes (20 events):
Event: 6.907 Thread 0x000002b0994f1530 flushing  nmethod 0x000002b083b69210
Event: 6.907 Thread 0x000002b0994f1530 flushing  nmethod 0x000002b083b69910
Event: 6.907 Thread 0x000002b0994f1530 flushing  nmethod 0x000002b083bd3a10
Event: 6.907 Thread 0x000002b0994f1530 flushing  nmethod 0x000002b083bd4090
Event: 6.907 Thread 0x000002b0994f1530 flushing  nmethod 0x000002b083c6d790
Event: 6.907 Thread 0x000002b0994f1530 flushing  nmethod 0x000002b083c6dc90
Event: 6.907 Thread 0x000002b0994f1530 flushing  nmethod 0x000002b083c6fc90
Event: 6.907 Thread 0x000002b0994f1530 flushing  nmethod 0x000002b083c72c90
Event: 6.907 Thread 0x000002b0994f1530 flushing  nmethod 0x000002b083ccf590
Event: 6.907 Thread 0x000002b0994f1530 flushing  nmethod 0x000002b083cd0010
Event: 6.907 Thread 0x000002b0994f1530 flushing  nmethod 0x000002b083cd0490
Event: 6.907 Thread 0x000002b0994f1530 flushing  nmethod 0x000002b083d1c310
Event: 6.907 Thread 0x000002b0994f1530 flushing  nmethod 0x000002b083d1d510
Event: 6.907 Thread 0x000002b0994f1530 flushing  nmethod 0x000002b083d21710
Event: 6.907 Thread 0x000002b0994f1530 flushing  nmethod 0x000002b083df3790
Event: 6.907 Thread 0x000002b0994f1530 flushing  nmethod 0x000002b083ec0a10
Event: 6.907 Thread 0x000002b0994f1530 flushing  nmethod 0x000002b083fce390
Event: 6.907 Thread 0x000002b0994f1530 flushing  nmethod 0x000002b08412cf90
Event: 6.907 Thread 0x000002b0994f1530 flushing  nmethod 0x000002b0841e0f10
Event: 6.907 Thread 0x000002b0994f1530 flushing  nmethod 0x000002b0844dae10

Events (20 events):
Event: 4624.871 Thread 0x000002b0a2d09b90 Thread added: 0x000002b0a28f66e0
Event: 4624.888 Thread 0x000002b0a28f66e0 Thread added: 0x000002b0a28f87b0
Event: 4629.895 Thread 0x000002b0a28f66e0 Thread exited: 0x000002b0a28f66e0
Event: 4629.971 Thread 0x000002b0a28f87b0 Thread exited: 0x000002b0a28f87b0
Event: 4679.721 Thread 0x000002b0a2d09b90 Thread added: 0x000002b0a28f6050
Event: 4679.723 Thread 0x000002b0a28f6050 Thread added: 0x000002b0a28f66e0
Event: 4684.726 Thread 0x000002b0a28f6050 Thread exited: 0x000002b0a28f6050
Event: 4684.818 Thread 0x000002b0a28f66e0 Thread exited: 0x000002b0a28f66e0
Event: 4756.402 Thread 0x000002b0a2d09b90 Thread added: 0x000002b0a28f66e0
Event: 4756.403 Thread 0x000002b0a28f66e0 Thread added: 0x000002b0a28f87b0
Event: 4761.407 Thread 0x000002b0a28f66e0 Thread exited: 0x000002b0a28f66e0
Event: 4761.484 Thread 0x000002b0a28f87b0 Thread exited: 0x000002b0a28f87b0
Event: 4853.841 Thread 0x000002b0a2d09b90 Thread added: 0x000002b0a28f87b0
Event: 4853.842 Thread 0x000002b0a28f87b0 Thread added: 0x000002b0a28f6050
Event: 4858.850 Thread 0x000002b0a28f87b0 Thread exited: 0x000002b0a28f87b0
Event: 4858.930 Thread 0x000002b0a28f6050 Thread exited: 0x000002b0a28f6050
Event: 4861.607 Thread 0x000002b0a2d09b90 Thread added: 0x000002b0a28f87b0
Event: 4861.608 Thread 0x000002b0a28f87b0 Thread added: 0x000002b0a28f6050
Event: 4866.614 Thread 0x000002b0a28f87b0 Thread exited: 0x000002b0a28f87b0
Event: 4866.693 Thread 0x000002b0a28f6050 Thread exited: 0x000002b0a28f6050


Dynamic libraries:
0x00007ff7a55c0000 - 0x00007ff7a55ce000 	C:\Users\Leon\Desktop\eclipse\plugins\org.eclipse.justj.openjdk.hotspot.jre.full.win32.x86_64_21.0.4.v20240802-1551\jre\bin\javaw.exe
0x00007ff9eda60000 - 0x00007ff9edcc6000 	C:\WINDOWS\SYSTEM32\ntdll.dll
0x00007ff9ec710000 - 0x00007ff9ec7d9000 	C:\WINDOWS\System32\KERNEL32.DLL
0x00007ff9eae00000 - 0x00007ff9eb1fe000 	C:\WINDOWS\System32\KERNELBASE.dll
0x00007ff9eb2d0000 - 0x00007ff9eb41c000 	C:\WINDOWS\System32\ucrtbase.dll
0x00007ff989e40000 - 0x00007ff989e58000 	C:\Users\Leon\Desktop\eclipse\plugins\org.eclipse.justj.openjdk.hotspot.jre.full.win32.x86_64_21.0.4.v20240802-1551\jre\bin\jli.dll
0x00007ff9c5540000 - 0x00007ff9c555b000 	C:\Users\Leon\Desktop\eclipse\plugins\org.eclipse.justj.openjdk.hotspot.jre.full.win32.x86_64_21.0.4.v20240802-1551\jre\bin\VCRUNTIME140.dll
0x00007ff9eb790000 - 0x00007ff9eb957000 	C:\WINDOWS\System32\USER32.dll
0x00007ff9d74b0000 - 0x00007ff9d7742000 	C:\WINDOWS\WinSxS\amd64_microsoft.windows.common-controls_6595b64144ccf1df_6.0.26100.8875_none_3e0d5d42e32fe9dd\COMCTL32.dll
0x00007ff9eb210000 - 0x00007ff9eb237000 	C:\WINDOWS\System32\win32u.dll
0x00007ff9ec570000 - 0x00007ff9ec619000 	C:\WINDOWS\System32\msvcrt.dll
0x00007ff9ebda0000 - 0x00007ff9ebdcb000 	C:\WINDOWS\System32\GDI32.dll
0x00007ff9eb660000 - 0x00007ff9eb78a000 	C:\WINDOWS\System32\gdi32full.dll
0x00007ff9eb430000 - 0x00007ff9eb4d3000 	C:\WINDOWS\System32\msvcp_win.dll
0x00007ff9ebcd0000 - 0x00007ff9ebd02000 	C:\WINDOWS\System32\IMM32.DLL
0x00007ff9c5530000 - 0x00007ff9c553c000 	C:\Users\Leon\Desktop\eclipse\plugins\org.eclipse.justj.openjdk.hotspot.jre.full.win32.x86_64_21.0.4.v20240802-1551\jre\bin\vcruntime140_1.dll
0x00007ff97ad60000 - 0x00007ff97adee000 	C:\Users\Leon\Desktop\eclipse\plugins\org.eclipse.justj.openjdk.hotspot.jre.full.win32.x86_64_21.0.4.v20240802-1551\jre\bin\msvcp140.dll
0x00007ff9232e0000 - 0x00007ff924068000 	C:\Users\Leon\Desktop\eclipse\plugins\org.eclipse.justj.openjdk.hotspot.jre.full.win32.x86_64_21.0.4.v20240802-1551\jre\bin\server\jvm.dll
0x00007ff9ecd20000 - 0x00007ff9ecdd7000 	C:\WINDOWS\System32\ADVAPI32.dll
0x00007ff9ebc20000 - 0x00007ff9ebcca000 	C:\WINDOWS\System32\sechost.dll
0x00007ff9eb960000 - 0x00007ff9eba78000 	C:\WINDOWS\System32\RPCRT4.dll
0x00007ff9ed6f0000 - 0x00007ff9ed770000 	C:\WINDOWS\System32\WS2_32.dll
0x00007ff9ea920000 - 0x00007ff9ea97e000 	C:\WINDOWS\SYSTEM32\POWRPROF.dll
0x00007ff9e80b0000 - 0x00007ff9e80e6000 	C:\WINDOWS\SYSTEM32\WINMM.dll
0x00007ff9de230000 - 0x00007ff9de23b000 	C:\WINDOWS\SYSTEM32\VERSION.dll
0x00007ff9ea900000 - 0x00007ff9ea914000 	C:\WINDOWS\SYSTEM32\UMPDC.dll
0x00007ff9e9920000 - 0x00007ff9e993b000 	C:\WINDOWS\SYSTEM32\kernel.appcore.dll
0x00007ff9c8600000 - 0x00007ff9c860a000 	C:\Users\Leon\Desktop\eclipse\plugins\org.eclipse.justj.openjdk.hotspot.jre.full.win32.x86_64_21.0.4.v20240802-1551\jre\bin\jimage.dll
0x00007ff9e7be0000 - 0x00007ff9e7e22000 	C:\WINDOWS\SYSTEM32\DBGHELP.DLL
0x00007ff9ec990000 - 0x00007ff9ecd13000 	C:\WINDOWS\System32\combase.dll
0x00007ff9ed0c0000 - 0x00007ff9ed199000 	C:\WINDOWS\System32\OLEAUT32.dll
0x00007ff9e8070000 - 0x00007ff9e80ab000 	C:\WINDOWS\SYSTEM32\dbgcore.DLL
0x00007ff9eb5a0000 - 0x00007ff9eb64c000 	C:\WINDOWS\System32\bcryptPrimitives.dll
0x00007ff98d760000 - 0x00007ff98d77f000 	C:\Users\Leon\Desktop\eclipse\plugins\org.eclipse.justj.openjdk.hotspot.jre.full.win32.x86_64_21.0.4.v20240802-1551\jre\bin\java.dll
0x00007ff984310000 - 0x00007ff984328000 	C:\Users\Leon\Desktop\eclipse\plugins\org.eclipse.justj.openjdk.hotspot.jre.full.win32.x86_64_21.0.4.v20240802-1551\jre\bin\zip.dll
0x00007ff9ebdd0000 - 0x00007ff9ec562000 	C:\WINDOWS\System32\SHELL32.dll
0x00007ff9e86e0000 - 0x00007ff9e8f72000 	C:\WINDOWS\SYSTEM32\windows.storage.dll
0x00007ff9ed8f0000 - 0x00007ff9ed9e7000 	C:\WINDOWS\System32\SHCORE.dll
0x00007ff9ece30000 - 0x00007ff9ece97000 	C:\WINDOWS\System32\shlwapi.dll
0x00007ff9eaba0000 - 0x00007ff9eabc9000 	C:\WINDOWS\SYSTEM32\profapi.dll
0x00007ff98d750000 - 0x00007ff98d760000 	C:\Users\Leon\Desktop\eclipse\plugins\org.eclipse.justj.openjdk.hotspot.jre.full.win32.x86_64_21.0.4.v20240802-1551\jre\bin\net.dll
0x00007ff9e4960000 - 0x00007ff9e4a87000 	C:\WINDOWS\SYSTEM32\WINHTTP.dll
0x00007ff9e9eb0000 - 0x00007ff9e9f1c000 	C:\WINDOWS\system32\mswsock.dll
0x00007ff983f10000 - 0x00007ff983f26000 	C:\Users\Leon\Desktop\eclipse\plugins\org.eclipse.justj.openjdk.hotspot.jre.full.win32.x86_64_21.0.4.v20240802-1551\jre\bin\nio.dll
0x00007ff98ec40000 - 0x00007ff98ec4e000 	C:\Users\Leon\Desktop\eclipse\plugins\org.eclipse.justj.openjdk.hotspot.jre.full.win32.x86_64_21.0.4.v20240802-1551\jre\bin\sunmscapi.dll
0x00007ff9eac80000 - 0x00007ff9eadf8000 	C:\WINDOWS\System32\CRYPT32.dll
0x00007ff9ea4c0000 - 0x00007ff9ea4f0000 	C:\WINDOWS\SYSTEM32\ncrypt.dll
0x00007ff9ea400000 - 0x00007ff9ea43f000 	C:\WINDOWS\SYSTEM32\NTASN1.dll
0x00007ff9ea2e0000 - 0x00007ff9ea2fb000 	C:\WINDOWS\SYSTEM32\CRYPTSP.dll
0x00007ff9e9880000 - 0x00007ff9e98b9000 	C:\WINDOWS\system32\rsaenh.dll
0x00007ff9e9f70000 - 0x00007ff9e9fa2000 	C:\WINDOWS\SYSTEM32\USERENV.dll
0x00007ff9eab70000 - 0x00007ff9eab9a000 	C:\WINDOWS\SYSTEM32\bcrypt.dll
0x00007ff9ea120000 - 0x00007ff9ea12c000 	C:\WINDOWS\SYSTEM32\CRYPTBASE.dll
0x00007ff9e9380000 - 0x00007ff9e93b3000 	C:\WINDOWS\SYSTEM32\IPHLPAPI.DLL
0x00007ff9eced0000 - 0x00007ff9eceda000 	C:\WINDOWS\System32\NSI.dll
0x00007ff98ec60000 - 0x00007ff98ec6a000 	C:\Users\Leon\Desktop\eclipse\plugins\org.eclipse.justj.openjdk.hotspot.jre.full.win32.x86_64_21.0.4.v20240802-1551\jre\bin\management.dll
0x00007ff98ec50000 - 0x00007ff98ec5b000 	C:\Users\Leon\Desktop\eclipse\plugins\org.eclipse.justj.openjdk.hotspot.jre.full.win32.x86_64_21.0.4.v20240802-1551\jre\bin\management_ext.dll
0x00007ff9ec700000 - 0x00007ff9ec708000 	C:\WINDOWS\System32\PSAPI.DLL
0x00007ff98eb60000 - 0x00007ff98eb69000 	C:\Users\Leon\Desktop\eclipse\plugins\org.eclipse.justj.openjdk.hotspot.jre.full.win32.x86_64_21.0.4.v20240802-1551\jre\bin\extnet.dll
0x00007ff9b11e0000 - 0x00007ff9b11e8000 	C:\WINDOWS\system32\wshunix.dll

dbghelp: loaded successfully - version: 4.0.5 - missing functions: none
symbol engine: initialized successfully - sym options: 0x614 - pdb path: .;C:\Users\Leon\Desktop\eclipse\plugins\org.eclipse.justj.openjdk.hotspot.jre.full.win32.x86_64_21.0.4.v20240802-1551\jre\bin;C:\WINDOWS\SYSTEM32;C:\WINDOWS\WinSxS\amd64_microsoft.windows.common-controls_6595b64144ccf1df_6.0.26100.8875_none_3e0d5d42e32fe9dd;C:\Users\Leon\Desktop\eclipse\plugins\org.eclipse.justj.openjdk.hotspot.jre.full.win32.x86_64_21.0.4.v20240802-1551\jre\bin\server

VM Arguments:
jvm_args: -Dfile.encoding=UTF-8 -Dstdout.encoding=UTF-8 -Dstderr.encoding=UTF-8 -XX:+ShowCodeDetailsInExceptionMessages 
java_command: com.project2025.Project2025Application
java_class_path (initial): C:\Users\Leon\Desktop\Faks\Stari\mobile-applications-project-2025\project2025\target\classes;C:\Users\Leon\.m2\repository\org\springframework\boot\spring-boot-starter-webmvc\4.0.2\spring-boot-starter-webmvc-4.0.2.jar;C:\Users\Leon\.m2\repository\org\springframework\boot\spring-boot-starter\4.0.2\spring-boot-starter-4.0.2.jar;C:\Users\Leon\.m2\repository\org\springframework\boot\spring-boot-starter-logging\4.0.2\spring-boot-starter-logging-4.0.2.jar;C:\Users\Leon\.m2\repository\ch\qos\logback\logback-classic\1.5.25\logback-classic-1.5.25.jar;C:\Users\Leon\.m2\repository\ch\qos\logback\logback-core\1.5.25\logback-core-1.5.25.jar;C:\Users\Leon\.m2\repository\org\apache\logging\log4j\log4j-to-slf4j\2.25.3\log4j-to-slf4j-2.25.3.jar;C:\Users\Leon\.m2\repository\org\apache\logging\log4j\log4j-api\2.25.3\log4j-api-2.25.3.jar;C:\Users\Leon\.m2\repository\org\slf4j\jul-to-slf4j\2.0.17\jul-to-slf4j-2.0.17.jar;C:\Users\Leon\.m2\repository\org\springframework\boot\spring-boot-autoconfigure\4.0.2\spring-boot-autoconfigure-4.0.2.jar;C:\Users\Leon\.m2\repository\jakarta\annotation\jakarta.annotation-api\3.0.0\jakarta.annotation-api-3.0.0.jar;C:\Users\Leon\.m2\repository\org\yaml\snakeyaml\2.5\snakeyaml-2.5.jar;C:\Users\Leon\.m2\repository\org\springframework\boot\spring-boot-starter-jackson\4.0.2\spring-boot-starter-jackson-4.0.2.jar;C:\Users\Leon\.m2\repository\org\springframework\boot\spring-boot-jackson\4.0.2\spring-boot-jackson-4.0.2.jar;C:\Users\Leon\.m2\repository\tools\jackson\core\jackson-databind\3.0.4\jackson-databind-3.0.4.jar;C:\Users\Leon\.m2\repository\com\fasterxml\jackson\core\jackson-annotations\2.20\jackson-annotations-2.20.jar;C:\Users\Leon\.m2\repository\tools\jackson\core\jackson-core\3.0.4\jackson-core-3.0.4.jar;C:\Users\Leon\.m2\repository\org\springframework\boot\spring-boot-starter-tomcat\4.0.2\spring-boot-starter-tomcat-4.0.2.jar;C:\Users\Leon\.m2\repository\org\springframework\boot\spring-boot-starter-tomcat-runtime\4.0.2\spring-boot-starter-tomcat-runtime-4.0.2.jar;C:\Users\Leon\.m2\repository\org\apache\tomcat\embed\tomcat-embed-core\11.0.15\tomcat-embed-core-11.0.15.jar;C:\Users\Leon\.m2\repository\org\apache\tomcat\embed\tomcat-embed-websocket\11.0.15\tomcat-embed-websocket-11.0.15.jar;C:\Users\Leon\.m2\repository\org\springframework\boot\spring-boot-tomcat\4.0.2\spring-boot-tomcat-4.0.2.jar;C:\Users\Leon\.m2\repository\org\springframework\boot\spring-boot-http-converter\4.0.2\spring-boot-http-converter-4.0.2.jar;C:\Users\Leon\.m2\repository\org\springframework\boot\spring-boot\4.0.2\spring-boot-4.0.2.jar;C:\Users\Leon\.m2\repository\org\springframework\spring-context\7.0.3\spring-context-7.0.3.jar;C:\Users\Leon\.m2\repository\org\springframework\spring-web\7.0.3\spring-web-7.0.3.jar;C:\Users\Leon\.m2\repository\org\springframework\spring-beans\7.0.3\spring-beans-7.0.3.jar;C:\Users\Leon\.m2\repository\io\micrometer\micrometer-observation\1.16.2\micrometer-observation-1.16.2.jar;C:\Users\Leon\.m2\repository\io\micrometer\micrometer-commons\1.16.2\micrometer-commons-1.16.2.jar;C:\Users\Leon\.m2\repository\org\springframework\boot\spring-boot-webmvc\4.0.2\spring-boot-webmvc-4.0.2.jar;C:\Users\Leon\.m2\repository\org\springframework\boot\spring-boot-servlet\4.0.2\spring-boot-servlet-4.0.2.jar;C:\Users\Leon\.m2\repository\org\springframework\spring-webmvc\7.0.3\spring-webmvc-7.0.3.jar;C:\Users\Leon\.m2\repository\org\springframework\spring-aop\7.0.3\spring-aop-7.0.3.jar;C:\Users\Leon\.m2\repository\org\springframework\spring-expression\7.0.3\spring-expression-7.0.3.jar;C:\Users\Leon\.m2\repository\org\springframework\boot\spring-boot-starter-websocket\4.0.2\spring-boot-starter-websocket-4.0.2.jar;C:\Users\Leon\.m2\repository\org\springframework\boot\spring-boot-websocket\4.0.2\spring-boot-websocket-4.0.2.jar;C:\Users\Leon\.m2\repository\org\springframework\spring-messaging\7.0.3\spring-messaging-7.0.3.jar;C:\Users\Leon\.m2\repository\org\springframework\spring-websocket\7.0.3\spring-websocket-7.0.3.jar;C:\Users\Leon\.m2\repository\org\springframework\boot\spring-boot-starter-data-jpa\4.0.2\spring-boot-starter-data-jpa-4.0.2.jar;C:\Users\Leon\.m2\repository\org\springframework\boot\spring-boot-starter-jdbc\4.0.2\spring-boot-starter-jdbc-4.0.2.jar;C:\Users\Leon\.m2\repository\com\zaxxer\HikariCP\7.0.2\HikariCP-7.0.2.jar;C:\Users\Leon\.m2\repository\org\slf4j\slf4j-api\2.0.17\slf4j-api-2.0.17.jar;C:\Users\Leon\.m2\repository\org\springframework\boot\spring-boot-data-jpa\4.0.2\spring-boot-data-jpa-4.0.2.jar;C:\Users\Leon\.m2\repository\org\springframework\boot\spring-boot-data-commons\4.0.2\spring-boot-data-commons-4.0.2.jar;C:\Users\Leon\.m2\repository\org\springframework\boot\spring-boot-persistence\4.0.2\spring-boot-persistence-4.0.2.jar;C:\Users\Leon\.m2\repository\org\springframework\data\spring-data-commons\4.0.2\spring-data-commons-4.0.2.jar;C:\Users\Leon\.m2\repository\org\springframework\boot\spring-boot-hibernate\4.0.2\spring-boot-hibernate-4.0.2.jar;C:\Users\Leon\.m2\repository\org\springframework\boot\spring-boot-jpa\4.0.2\spring-boot-jpa-4.0.2.jar;C:\Users\Leon\.m2\repository\jakarta\persistence\jakarta.persistence-api\3.2.0\jakarta.persistence-api-3.2.0.jar;C:\Users\Leon\.m2\repository\org\hibernate\orm\hibernate-core\7.2.1.Final\hibernate-core-7.2.1.Final.jar;C:\Users\Leon\.m2\repository\jakarta\transaction\jakarta.transaction-api\2.0.1\jakarta.transaction-api-2.0.1.jar;C:\Users\Leon\.m2\repository\org\hibernate\models\hibernate-models\1.0.1\hibernate-models-1.0.1.jar;C:\Users\Leon\.m2\repository\org\glassfish\jaxb\jaxb-runtime\4.0.6\jaxb-runtime-4.0.6.jar;C:\Users\Leon\.m2\repository\org\glassfish\jaxb\jaxb-core\4.0.6\jaxb-core-4.0.6.jar;C:\Users\Leon\.m2\repository\org\eclipse\angus\angus-activation\2.0.3\angus-activation-2.0.3.jar;C:\Users\Leon\.m2\repository\org\glassfish\jaxb\txw2\4.0.6\txw2-4.0.6.jar;C:\Users\Leon\.m2\repository\com\sun\istack\istack-commons-runtime\4.1.2\istack-commons-runtime-4.1.2.jar;C:\Users\Leon\.m2\repository\jakarta\inject\jakarta.inject-api\2.0.1\jakarta.inject-api-2.0.1.jar;C:\Users\Leon\.m2\repository\org\springframework\spring-orm\7.0.3\spring-orm-7.0.3.jar;C:\Users\Leon\.m2\repository\org\springframework\data\spring-data-jpa\4.0.2\spring-data-jpa-4.0.2.jar;C:\Users\Leon\.m2\repository\org\springframework\spring-tx\7.0.3\spring-tx-7.0.3.jar;C:\Users\Leon\.m2\repository\org\antlr\antlr4-runtime\4.13.2\antlr4-runtime-4.13.2.jar;C:\Users\Leon\.m2\repository\org\springframework\spring-aspects\7.0.3\spring-aspects-7.0.3.jar;C:\Users\Leon\.m2\repository\org\aspectj\aspectjweaver\1.9.25.1\aspectjweaver-1.9.25.1.jar;C:\Users\Leon\.m2\repository\org\springframework\boot\spring-boot-jdbc\4.0.2\spring-boot-jdbc-4.0.2.jar;C:\Users\Leon\.m2\repository\org\springframework\boot\spring-boot-sql\4.0.2\spring-boot-sql-4.0.2.jar;C:\Users\Leon\.m2\repository\org\springframework\boot\spring-boot-transaction\4.0.2\spring-boot-transaction-4.0.2.jar;C:\Users\Leon\.m2\repository\org\springframework\spring-jdbc\7.0.3\spring-jdbc-7.0.3.jar;C:\Users\Leon\.m2\repository\org\springframework\boot\spring-boot-starter-validation\4.0.2\spring-boot-starter-validation-4.0.2.jar;C:\Users\Leon\.m2\repository\org\springframework\boot\spring-boot-validation\4.0.2\spring-boot-validation-4.0.2.jar;C:\Users\Leon\.m2\repository\org\apache\tomcat\embed\tomcat-embed-el\11.0.15\tomcat-embed-el-11.0.15.jar;C:\Users\Leon\.m2\repository\org\hibernate\validator\hibernate-validator\9.0.1.Final\hibernate-validator-9.0.1.Final.jar;C:\Users\Leon\.m2\repository\jakarta\validation\jakarta.validation-api\3.1.1\jakarta.validation-api-3.1.1.jar;C:\Users\Leon\.m2\repository\org\jboss\logging\jboss-logging\3.6.1.Final\jboss-logging-3.6.1.Final.jar;C:\Users\Leon\.m2\repository\com\fasterxml\classmate\1.7.3\classmate-1.7.3.jar;C:\Users\Leon\.m2\repository\org\postgresql\postgresql\42.7.9\postgresql-42.7.9.jar;C:\Users\Leon\.m2\repository\org\checkerframework\checker-qual\3.52.0\checker-qual-3.52.0.jar;C:\Users\Leon\.m2\repository\org\projectlombok\lombok\1.18.42\lombok-1.18.42.jar;C:\Users\Leon\.m2\repository\jakarta\xml\bind\jakarta.xml.bind-api\4.0.4\jakarta.xml.bind-api-4.0.4.jar;C:\Users\Leon\.m2\repository\jakarta\activation\jakarta.activation-api\2.1.4\jakarta.activation-api-2.1.4.jar;C:\Users\Leon\.m2\repository\net\bytebuddy\byte-buddy\1.17.8\byte-buddy-1.17.8.jar;C:\Users\Leon\.m2\repository\org\springframework\spring-core\7.0.3\spring-core-7.0.3.jar;C:\Users\Leon\.m2\repository\commons-logging\commons-logging\1.3.5\commons-logging-1.3.5.jar;C:\Users\Leon\.m2\repository\org\jspecify\jspecify\1.0.0\jspecify-1.0.0.jar;C:\Users\Leon\.m2\repository\org\springframework\boot\spring-boot-web-server\4.0.2\spring-boot-web-server-4.0.2.jar;C:\Users\Leon\.m2\repository\com\h2database\h2\2.4.240\h2-2.4.240.jar;C:\Users\Leon\.m2\repository\javax\xml\bind\jaxb-api\2.3.1\jaxb-api-2.3.1.jar;C:\Users\Leon\.m2\repository\javax\activation\javax.activation-api\1.2.0\javax.activation-api-1.2.0.jar
Launcher Type: SUN_STANDARD

[Global flags]
     intx CICompilerCount                          = 4                                         {product} {ergonomic}
     uint ConcGCThreads                            = 3                                         {product} {ergonomic}
     uint G1ConcRefinementThreads                  = 10                                        {product} {ergonomic}
   size_t G1HeapRegionSize                         = 2097152                                   {product} {ergonomic}
    uintx GCDrainStackTargetSize                   = 64                                        {product} {ergonomic}
   size_t InitialHeapSize                          = 232783872                                 {product} {ergonomic}
   size_t MarkStackSize                            = 4194304                                   {product} {ergonomic}
   size_t MaxHeapSize                              = 3707764736                                {product} {ergonomic}
   size_t MaxNewSize                               = 2222981120                                {product} {ergonomic}
   size_t MinHeapDeltaBytes                        = 2097152                                   {product} {ergonomic}
   size_t MinHeapSize                              = 8388608                                   {product} {ergonomic}
    uintx NonNMethodCodeHeapSize                   = 5839372                                {pd product} {ergonomic}
    uintx NonProfiledCodeHeapSize                  = 122909434                              {pd product} {ergonomic}
    uintx ProfiledCodeHeapSize                     = 122909434                              {pd product} {ergonomic}
    uintx ReservedCodeCacheSize                    = 251658240                              {pd product} {ergonomic}
     bool SegmentedCodeCache                       = true                                      {product} {ergonomic}
     bool ShowCodeDetailsInExceptionMessages       = true                                   {manageable} {command line}
   size_t SoftMaxHeapSize                          = 3707764736                             {manageable} {ergonomic}
     bool UseCompressedOops                        = true                           {product lp64_product} {ergonomic}
     bool UseG1GC                                  = true                                      {product} {ergonomic}
     bool UseLargePagesIndividualAllocation        = false                                  {pd product} {ergonomic}

Logging:
Log output configuration:
 #0: stdout all=warning uptime,level,tags foldmultilines=false
 #1: stderr all=off uptime,level,tags foldmultilines=false

Environment Variables:
PATH=C:/Users/Leon/Desktop/eclipse//plugins/org.eclipse.justj.openjdk.hotspot.jre.full.win32.x86_64_21.0.4.v20240802-1551/jre/bin/server;C:/Users/Leon/Desktop/eclipse//plugins/org.eclipse.justj.openjdk.hotspot.jre.full.win32.x86_64_21.0.4.v20240802-1551/jre/bin;C:\Program Files\Eclipse Adoptium\jdk-17.0.19.10-hotspot\bin;C:\Program Files\Common Files\Oracle\Java\javapath;C:\Program Files (x86)\Common Files\Oracle\Java\javapath;C:\WINDOWS\system32;C:\WINDOWS;C:\WINDOWS\System32\Wbem;C:\WINDOWS\System32\WindowsPowerShell\v1.0\;C:\WINDOWS\System32\OpenSSH\;C:\Program Files\Git\cmd;C:\Program Files\nodejs\;C:\Program Files\apache-maven-3.9.11\bin;C:\Program Files\dotnet\;C:\Program Files\Amazon\AWSCLIV2\;C:\Program Files (x86)\Windows Kits\10\Windows Performance Toolkit\;C:\Program Files\Docker\Docker\resources\bin;C:\Users\Leon\.cargo\bin;C:\Users\Leon\AppData\Local\Microsoft\WindowsApps;C:\Users\Leon\AppData\Local\GitHubDesktop\bin;C:\Users\Leon\AppData\Local\Programs\Microsoft VS Code\bin;C:\Users\Leon\AppData\Roaming\npm;C:\Program Files\PostgreSQL\17\bin;C:\Users\Leon\.dotnet\tools;C:\ffmpeg;C:\Program Files (x86)\Nmap;C:\WINDOWS\system32;
USERNAME=Leon
OS=Windows_NT
PROCESSOR_IDENTIFIER=AMD64 Family 25 Model 117 Stepping 2, AuthenticAMD
TMP=C:\Users\Leon\AppData\Local\Temp
TEMP=C:\Users\Leon\AppData\Local\Temp




Periodic native trim disabled

---------------  S Y S T E M  ---------------

OS:
 Windows 11 , 64 bit Build 26100 (10.0.26100.8875)
OS uptime: 0 days 11:24 hours
Hyper-V role detected

CPU: total 12 (initial active 12) (12 cores per cpu, 2 threads per core) family 25 model 117 stepping 2 microcode 0xa705203, cx8, cmov, fxsr, ht, mmx, 3dnowpref, sse, sse2, sse3, ssse3, sse4a, sse4.1, sse4.2, popcnt, lzcnt, tsc, tscinvbit, avx, avx2, aes, erms, clmul, bmi1, bmi2, adx, avx512f, avx512dq, avx512cd, avx512bw, avx512vl, sha, fma, vzeroupper, avx512_vpopcntdq, avx512_vpclmulqdq, avx512_vaes, avx512_vnni, clflush, clflushopt, avx512_vbmi2, avx512_vbmi, hv, rdtscp, rdpid, fsrm, gfni, avx512_bitalg, f16c, cet_ss, avx512_ifma
Processor Information for all 12 processors :
  Max Mhz: 4301, Current Mhz: 4301, Mhz Limit: 4301

Memory: 4k page, system-wide physical 14140M (830M free)
TotalPageFile size 32615M (AvailPageFile size 1899M)
current process WorkingSet (physical memory assigned to process): 187M, peak: 321M
current process commit charge ("private bytes"): 327M, peak: 353M

vm_info: OpenJDK 64-Bit Server VM (21.0.4+7-LTS) for windows-amd64 JRE (21.0.4+7-LTS), built on 2024-07-16T00:00:00Z by "admin" with MS VC++ 17.7 (VS2022)

END.
